------------------------------------------------------------
TimeQuest Timing Analyzer Summary
------------------------------------------------------------

Type  : Slow 1200mV 85C Model Setup 'clk'
Slack : -8.340
TNS   : -1698.773

Type  : Slow 1200mV 85C Model Hold 'clk'
Slack : 0.320
TNS   : 0.000

Type  : Slow 1200mV 85C Model Recovery 'clk'
Slack : -2.443
TNS   : -861.638

Type  : Slow 1200mV 85C Model Removal 'clk'
Slack : 1.271
TNS   : 0.000

Type  : Slow 1200mV 85C Model Minimum Pulse Width 'clk'
Slack : -3.000
TNS   : -664.039

Type  : Slow 1200mV 0C Model Setup 'clk'
Slack : -7.353
TNS   : -1462.319

Type  : Slow 1200mV 0C Model Hold 'clk'
Slack : 0.298
TNS   : 0.000

Type  : Slow 1200mV 0C Model Recovery 'clk'
Slack : -2.131
TNS   : -748.415

Type  : Slow 1200mV 0C Model Removal 'clk'
Slack : 1.144
TNS   : 0.000

Type  : Slow 1200mV 0C Model Minimum Pulse Width 'clk'
Slack : -3.000
TNS   : -663.568

Type  : Fast 1200mV 0C Model Setup 'clk'
Slack : -4.220
TNS   : -748.830

Type  : Fast 1200mV 0C Model Hold 'clk'
Slack : 0.155
TNS   : 0.000

Type  : Fast 1200mV 0C Model Recovery 'clk'
Slack : -1.654
TNS   : -590.058

Type  : Fast 1200mV 0C Model Removal 'clk'
Slack : 0.706
TNS   : 0.000

Type  : Fast 1200mV 0C Model Minimum Pulse Width 'clk'
Slack : -3.000
TNS   : -770.542

------------------------------------------------------------
